────────────────────────────────────────────────────────────────
[系统提示词]
  你是电网运维领域的「电气设备发热缺陷智能诊断与工单分流 Agent」。
  你的职责：根据巡检反馈研判缺陷等级、推荐消缺物料与工艺，并生成标准化检修工单草案。

  工作流程（必须通过工具获取事实，不得凭空猜测）：
  1) 先调用 load_domain_rules 按电压等级/设备类型/环境加载专属规则子集；
  2) 调用 get_defect_criteria 判定缺陷等级；
  3) 调用 query_material_spec 获取物料与工艺推荐；
  4) 调用 generate_dispatch_order 生成工单草案；
  5) 汇总工具返回结果，输出结构化「综合研判报告」。

  核心缺陷等级判定矩阵（内置参考规则，简化 DL/T 664）：
  - 一般缺陷：15℃ ≤ ΔT < 40℃ → 纳入常规检修计划，加强测温巡视；
  - 严重缺陷：40℃ ≤ ΔT < 80℃ → 72 小时内带电处理或消缺；
  - 危急缺陷：ΔT ≥ 80℃ 或 绝对温度 ≥ 110℃ → 立即汇报调度，限制负荷或申请停电紧急消缺。

  业务规则索引（按需通过 load_domain_rules 加载，切勿在未加载时臆造细节）：
  - [distribution-indoor] 常规配电/室内接头工艺（电压 ≥ 0kV, 环境: indoor/outdoor）
  - [disconnector-contact] 隔离开关触头过热专项（设备类型: disconnector/隔离开关触头）
  - [lead-clamp] 套管引线线夹过热专项（设备类型: lead_clamp/引线线夹）
  - [busbar-joint] 母排搭接面过热专项（设备类型: busbar_joint/母排搭接面）
  - [uhv-special] 特高压/超宽温区/重载专项（电压 ≥ 800kV）
  - [coastal-corrosion] 沿海/重盐雾/电偶腐蚀专项（环境: coastal/coastal_salt_spray）

  安全约束：
  - 涉及「申请停电」或「危急缺陷」的工单签发属于高危操作，系统会阻塞执行并等待人工审批；
  - 你对沿海/重盐雾/铜铝过渡场景必须强调 SGIET-300（耐盐雾 ≥1440h）并严禁普通导电膏；
  - 对特高压/超宽温区/重载场景必须强调 SGIET-200（高温无流淌）。

  输出要求：最终报告用中文，包含【缺陷等级】【判定依据】【物料与工艺】【处置建议】【工单状态】分节。
────────────────────────────────────────────────────────────────
────────────────────────────────────────────────────────────────
[用户输入]
  巡检反馈：220kV 某变电站 1 号主变 220kV 侧 A 相隔离开关触头，环境温度 25℃，红外实测表面温度 58℃（温升 33℃）。铜质触头，表面有轻微灰尘与氧化迹象，无明显烧蚀放电痕迹。请研判缺陷等级并给出处置工单建议。
────────────────────────────────────────────────────────────────

[Step 0] 模型思考摘要
  解析巡检记录：电压等级 220kV，设备 隔离开关触头，环境 常规户外，材质 铜质，温升 ΔT=33℃，绝对温度 58℃。先按设备/电压/环境渐进式加载专属业务规则。
  → 工具调用: load_domain_rules
     入参: {"voltage_level":"220kV","part_type":"disconnector","environment":"outdoor"}
  ← 工具返回: load_domain_rules
     {
       "voltage_level": "220kV",
       "part_type": "disconnector",
       "environment": "outdoor",
       "matched_rule_packs": [
         {
           "id": "distribution-indoor",
           "name": "常规配电/室内接头工艺"
         },
         {
           "id": "disconnector-contact",
           "name": "隔离开关触头过热专项"
         }
       ],
       "rules": "常规配电/室内接头：表面打磨除氧化层，涂覆通用型防护材料 SGIET-100。\n处置流程：外观检查 → 表面处理 → 涂覆防护材料 → 紧固力矩校核 → 复测温升。\n\n隔离开关触头过热：重点关注触指弹簧压力、接触电阻与表面氧化。\n带电处理时应先确认触头分合闸到位，防止因接触压力不足导致的持续过热。"
     }

[Step 1] 模型思考摘要
  已加载业务规则，现在依据核心判定矩阵（DL/T 664 简化）研判缺陷等级。
  → 工具调用: get_defect_criteria
     入参: {"voltage_level":"220kV","part_type":"隔离开关触头","temp_delta":33,"abs_temp":58}
  ← 工具返回: get_defect_criteria
     {
       "voltage_level": "220kV",
       "part_type": "隔离开关触头",
       "temp_delta": 33,
       "abs_temp": 58,
       "defect_level": "general",
       "defect_level_cn": "一般缺陷",
       "threshold_hit": "15℃ ≤ 温升 ΔT=33℃ < 40℃",
       "response": "纳入常规检修计划，加强测温巡视监控",
       "requires_outage": false
     }

[Step 2] 模型思考摘要
  已确定缺陷等级，结合工况（环境/最高温/材质/电压）推荐消缺物料与工艺。
  → 工具调用: query_material_spec
     入参: {"environment":"常规户外","temp_max":58,"material_pairing":"铜质","voltage_level":"220kV"}
  ← 工具返回: query_material_spec
     {
       "environment": "常规户外",
       "temp_max": 58,
       "material_pairing": "铜质",
       "primary_material": "SGIET-100（通用型防护材料）",
       "supplementary_materials": [],
       "process_steps": [
         "停电/带电安全措施确认（按现场规程执行）",
         "接触面表面打磨除氧化层，清除油污与灰尘",
         "涂覆 SGIET-100（通用型防护材料）",
         "恢复连接后按标准紧固力矩校核"
       ],
       "must_not_use": [],
       "reasons": [
         "常规配电/室内接头，温升未达高温/腐蚀专项条件"
       ],
       "notes": []
     }

[Step 3] 模型思考摘要
  生成标准化消缺工单草案（无需停电，常规签发）。
  → 工具调用: generate_dispatch_order
     入参: {"defect_level":"general","equipment_id":"220kV-某变电站-1号主变-A相-隔离开关触头","solution":"纳入常规检修计划，加强测温巡视监控。物料：SGIET-100（通用型防护材料）。工艺：停电/带电安全措施确认（按现场规程执行）；接触面表面打磨除氧化层，清除油污与灰尘；涂覆 SGIET-100（通用型防护材料）；恢复连接后按标准紧固力矩校核。","requires_outage":false,"defect_desc":"温升 ΔT=33℃，绝对温度 58℃，铜质，常规户外","part_type":"隔离开关触头","environment":"常规户外","temp_delta":33,"abs_temp":58,"material":"SGIET-100（通用型防护材料）"}
  ← 工具返回: generate_dispatch_order
     {
       "issued": true,
       "order_no": "WO-20260919052220-PAYB",
       "equipment_id": "220kV-某变电站-1号主变-A相-隔离开关触头",
       "defect_level": "general",
       "requires_outage": false,
       "response_deadline": "纳入常规检修计划",
       "solution": "纳入常规检修计划，加强测温巡视监控。物料：SGIET-100（通用型防护材料）。工艺：停电/带电安全措施确认（按现场规程执行）；接触面表面打磨除氧化层，清除油污与灰尘；涂覆 SGIET-100（通用型防护材料）；恢复连接后按标准紧固力矩校核。",
       "material": "SGIET-100（通用型防护材料）",
       "file_path": "D:\\项目考察书\\orders\\WO-20260919052220-PAYB.json",
       "approval": "auto-no-approval-required",
       "content": "{\n  \"order_no\": \"WO-20260919052220-PAYB\",\n  \"equipment_id\": \"220kV-某变电站-1号主变-A相-隔离开关触头\",\n  \"defect_level\": \"general\",\n  \"defect_desc\": \"温升 ΔT=33℃，绝对温度 58℃，铜质，常规户外\",\n  \"requires_outage\": false,\n  \"response_deadline\": \"纳入常规检修计划\",\n  \"solution\": \"纳入常规检修计划，加强测温巡视监控。物料：SGIET-100（通用型防护材料）。工艺：停电/带电安全措施确认（按现场规程执行）；接触面表面打磨除氧化层，清除油污与灰尘；涂覆 SGIET-100（通用型防护材料）；恢复连接后按标准紧固力矩校核。\",\n  \"material\": \"SGIET-100（通用型防护材料）\",\n  \"process_steps\": [],\n  \"safety_notes\": [\n    \"带电作业须保持安全距离并设专人监护\"\n  ],\n  \"status\": \"draft\",\n  \"created_at\": \"2026-09-19T05:22:20.260Z\"\n}"
     }

[最终综合研判报告]
【缺陷等级】一般缺陷（general）
【判定依据】15℃ ≤ 温升 ΔT=33℃ < 40℃
【加载规则】常规配电/室内接头工艺、隔离开关触头过热专项
【物料与工艺】主材料：SGIET-100（通用型防护材料）。工艺步骤：1) 停电/带电安全措施确认（按现场规程执行）；2) 接触面表面打磨除氧化层，清除油污与灰尘；3) 涂覆 SGIET-100（通用型防护材料）；4) 恢复连接后按标准紧固力矩校核
【处置建议】纳入常规检修计划，加强测温巡视监控
【工单状态】已签发 WO-20260919052220-PAYB（免审批直接签发），落盘 D:\项目考察书\orders\WO-20260919052220-PAYB.json


[回合结束] outcome=final, 工具调用次数=4
