────────────────────────────────────────────────────────────────
[系统提示词]
  你是电网运维领域的「电气设备发热缺陷智能诊断与工单分流 Agent」。
  你的职责：根据巡检反馈研判缺陷等级、推荐消缺物料与工艺，并生成标准化检修工单草案。

  工作流程（必须通过工具获取事实，不得凭空猜测）：
  1) 先调用 load_domain_rules 按电压等级/设备类型/环境加载专属规则子集；
  2) 调用 get_defect_criteria 判定缺陷等级；
  3) 调用 query_material_spec 获取物料与工艺推荐；
  4) 调用 generate_dispatch_order 生成工单草案；
  5) 汇总工具返回结果，输出结构化「综合研判报告」。

  核心缺陷等级判定矩阵（内置参考规则，简化 DL/T 664）：
  - 一般缺陷：15℃ ≤ ΔT < 40℃ → 纳入常规检修计划，加强测温巡视；
  - 严重缺陷：40℃ ≤ ΔT < 80℃ → 72 小时内带电处理或消缺；
  - 危急缺陷：ΔT ≥ 80℃ 或 绝对温度 ≥ 110℃ → 立即汇报调度，限制负荷或申请停电紧急消缺。

  业务规则索引（按需通过 load_domain_rules 加载，切勿在未加载时臆造细节）：
  - [distribution-indoor] 常规配电/室内接头工艺（电压 ≥ 0kV, 环境: indoor/outdoor）
  - [disconnector-contact] 隔离开关触头过热专项（设备类型: disconnector/隔离开关触头）
  - [lead-clamp] 套管引线线夹过热专项（设备类型: lead_clamp/引线线夹）
  - [busbar-joint] 母排搭接面过热专项（设备类型: busbar_joint/母排搭接面）
  - [uhv-special] 特高压/超宽温区/重载专项（电压 ≥ 800kV）
  - [coastal-corrosion] 沿海/重盐雾/电偶腐蚀专项（环境: coastal/coastal_salt_spray）

  安全约束：
  - 涉及「申请停电」或「危急缺陷」的工单签发属于高危操作，系统会阻塞执行并等待人工审批；
  - 你对沿海/重盐雾/铜铝过渡场景必须强调 SGIET-300（耐盐雾 ≥1440h）并严禁普通导电膏；
  - 对特高压/超宽温区/重载场景必须强调 SGIET-200（高温无流淌）。

  输出要求：最终报告用中文，包含【缺陷等级】【判定依据】【物料与工艺】【处置建议】【工单状态】分节。
────────────────────────────────────────────────────────────────
────────────────────────────────────────────────────────────────
[用户输入]
  紧急巡检上报：某沿海 ±800kV 换流站阀厅引线线夹（铜铝过渡连接部），实测表面最高温度达 136℃，现场环境温度 32℃（温升高达 104℃），附近有明显热气流，环境高盐雾。请立即研判并给出紧急处理流程。
────────────────────────────────────────────────────────────────

[Step 0] 模型思考摘要
  解析巡检记录：电压等级 ±800kV，设备 引线线夹，环境 沿海重盐雾，材质 铜铝过渡，温升 ΔT=104℃，绝对温度 136℃。先按设备/电压/环境渐进式加载专属业务规则。
  → 工具调用: load_domain_rules
     入参: {"voltage_level":"±800kV","part_type":"lead_clamp","environment":"coastal_salt_spray"}
  ← 工具返回: load_domain_rules
     {
       "voltage_level": "±800kV",
       "part_type": "lead_clamp",
       "environment": "coastal_salt_spray",
       "matched_rule_packs": [
         {
           "id": "lead-clamp",
           "name": "套管引线线夹过热专项"
         },
         {
           "id": "uhv-special",
           "name": "特高压/超宽温区/重载专项"
         },
         {
           "id": "coastal-corrosion",
           "name": "沿海/重盐雾/电偶腐蚀专项"
         }
       ],
       "rules": "套管引线线夹过热：重点核查压接质量、线夹与引线材质匹配。\n铜铝过渡连接部应使用过渡线夹或专用防腐复合脂，避免电偶腐蚀。\n\n特高压/超宽温区/重载接头：温度变化剧烈，传统导电膏易流淌干结。\n必须选用高温无流淌特性的防护材料 SGIET-200。\n\n沿海/重盐雾/电偶腐蚀环境（如铜铝过渡面）：\n必须选用耐盐雾 ≥1440h 的专用复合脂 SGIET-300，严禁使用普通导电膏。"
     }

[Step 1] 模型思考摘要
  已加载业务规则，现在依据核心判定矩阵（DL/T 664 简化）研判缺陷等级。
  → 工具调用: get_defect_criteria
     入参: {"voltage_level":"±800kV","part_type":"引线线夹","temp_delta":104,"abs_temp":136}
  ← 工具返回: get_defect_criteria
     {
       "voltage_level": "±800kV",
       "part_type": "引线线夹",
       "temp_delta": 104,
       "abs_temp": 136,
       "defect_level": "critical",
       "defect_level_cn": "危急缺陷",
       "threshold_hit": "温升 ΔT=104℃ ≥ 80℃",
       "response": "立即汇报调度，限制负荷或申请停电紧急消缺",
       "requires_outage": true
     }

[Step 2] 模型思考摘要
  已确定缺陷等级，结合工况（环境/最高温/材质/电压）推荐消缺物料与工艺。
  → 工具调用: query_material_spec
     入参: {"environment":"沿海重盐雾","temp_max":136,"material_pairing":"铜铝过渡","voltage_level":"±800kV"}
  ← 工具返回: query_material_spec
     {
       "environment": "沿海重盐雾",
       "temp_max": 136,
       "material_pairing": "铜铝过渡",
       "primary_material": "SGIET-300（耐盐雾 ≥1440h 专用复合脂）",
       "supplementary_materials": [
         "SGIET-200（高温无流淌防护材料）"
       ],
       "process_steps": [
         "停电/带电安全措施确认（按现场规程执行）",
         "接触面表面打磨除氧化层，清除油污与灰尘",
         "涂覆 SGIET-300（耐盐雾 ≥1440h 专用复合脂），并按需叠加 SGIET-200（高温无流淌防护材料）",
         "恢复连接后按标准紧固力矩校核",
         "处理后复测红外温度，验证温升下降至合格范围"
       ],
       "must_not_use": [
         "普通导电膏（严禁使用）"
       ],
       "reasons": [
         "现场为沿海/重盐雾环境，存在电偶腐蚀风险",
         "最高温度 136℃，且为特高压工况（800kV），传统导电膏易流淌干结，必须选用高温无流淌材料"
       ],
       "notes": [
         "需同时满足抗电偶腐蚀与高温无流淌双重要求：优先选用 SGIET-300 并确认其耐温等级覆盖现场最高温度；若耐温不足，以 SGIET-200 高温工艺为主、SGIET-300 防腐层为辅。"
       ]
     }

[Step 3] 模型思考摘要
  缺陷为危急/需停电，生成工单时将触发高危审批拦截，等待人工确认后落盘。
  → 工具调用: generate_dispatch_order
     入参: {"defect_level":"critical","equipment_id":"±800kV-换流站-引线线夹","solution":"立即汇报调度，限制负荷或申请停电紧急消缺。物料：SGIET-300（耐盐雾 ≥1440h 专用复合脂），叠加 SGIET-200（高温无流淌防护材料）。工艺：停电/带电安全措施确认（按现场规程执行）；接触面表面打磨除氧化层，清除油污与灰尘；涂覆 SGIET-300（耐盐雾 ≥1440h 专用复合脂），并按需叠加 SGIET-200（高温无流淌防护材料）；恢复连接后按标准紧固力矩校核；处理后复测红外温度，验证温升下降至合格范围。禁止：普通导电膏（严禁使用）。","requires_outage":true,"defect_desc":"温升 ΔT=104℃，绝对温度 136℃，铜铝过渡，沿海重盐雾","part_type":"引线线夹","environment":"沿海重盐雾","temp_delta":104,"abs_temp":136,"material":"SGIET-300（耐盐雾 ≥1440h 专用复合脂）"}

  ⚠ 高危操作拦截 [critical]
     拦截原因: 含「危急缺陷」「申请停电」，属于高危工单签发
     拟落盘 Diff:
       --- /dev/null
       +++ orders/WO-20260919045240-AZOI.json
       @@ -0,0 +0,17 @@
       +{
       +  "order_no": "WO-20260919045240-AZOI",
       +  "equipment_id": "±800kV-换流站-引线线夹",
       +  "defect_level": "critical",
       +  "defect_desc": "温升 ΔT=104℃，绝对温度 136℃，铜铝过渡，沿海重盐雾",
       +  "requires_outage": true,
       +  "response_deadline": "立即（限制负荷 / 申请停电）",
       +  "solution": "立即汇报调度，限制负荷或申请停电紧急消缺。物料：SGIET-300（耐盐雾 ≥1440h 专用复合脂），叠加 SGIET-200（高温无流淌防护材料）。工艺：停电/带电安全措施确认（按现场规程执行）；接触面表面打磨除氧化层，清除油污与灰尘；涂覆 SGIET-300（耐盐雾 ≥1440h 专用复合脂），并按需叠加 SGIET-200（高温无流淌防护材料）；恢复连接后按标准紧固力矩校核；处理后复测红外温度，验证温升下降至合格范围。禁止：普通导电膏（严禁使用）。",
       +  "material": "SGIET-300（耐盐雾 ≥1440h 专用复合脂）",
       +  "process_steps": [],
       +  "safety_notes": [
       +    "停电作业须办理工作票并经调度许可",
       +    "作业前验电、挂接地线"
       +  ],
       +  "status": "draft",
       +  "created_at": "2026-09-19T04:52:40.472Z"
       +}
  ✔ 人工审批: 已通过（允许落盘）（自动放行（演示模式））
  ← 工具返回: generate_dispatch_order
     {
       "issued": true,
       "order_no": "WO-20260919045240-AZOI",
       "equipment_id": "±800kV-换流站-引线线夹",
       "defect_level": "critical",
       "requires_outage": true,
       "response_deadline": "立即（限制负荷 / 申请停电）",
       "solution": "立即汇报调度，限制负荷或申请停电紧急消缺。物料：SGIET-300（耐盐雾 ≥1440h 专用复合脂），叠加 SGIET-200（高温无流淌防护材料）。工艺：停电/带电安全措施确认（按现场规程执行）；接触面表面打磨除氧化层，清除油污与灰尘；涂覆 SGIET-300（耐盐雾 ≥1440h 专用复合脂），并按需叠加 SGIET-200（高温无流淌防护材料）；恢复连接后按标准紧固力矩校核；处理后复测红外温度，验证温升下降至合格范围。禁止：普通导电膏（严禁使用）。",
       "material": "SGIET-300（耐盐雾 ≥1440h 专用复合脂）",
       "file_path": "D:\\项目考察书\\orders\\WO-20260919045240-AZOI.json",
       "approval": "human-approved",
       "content": "{\n  \"order_no\": \"WO-20260919045240-AZOI\",\n  \"equipment_id\": \"±800kV-换流站-引线线夹\",\n  \"defect_level\": \"critical\",\n  \"defect_desc\": \"温升 ΔT=104℃，绝对温度 136℃，铜铝过渡，沿海重盐雾\",\n  \"requires_outage\": true,\n  \"response_deadline\": \"立即（限制负荷 / 申请停电）\",\n  \"solution\": \"立即汇报调度，限制负荷或申请停电紧急消缺。物料：SGIET-300（耐盐雾 ≥1440h 专用复合脂），叠加 SGIET-200（高温无流淌防护材料）。工艺：停电/带电安全措施确认（按现场规程执行）；接触面表面打磨除氧化层，清除油污与灰尘；涂覆 SGIET-300（耐盐雾 ≥1440h 专用复合脂），并按需叠加 SGIET-200（高温无流淌防护材料）；恢复连接后按标准紧固力矩校核；处理后复测红外温度，验证温升下降至合格范围。禁止：普通导电膏（严禁使用）。\",\n  \"material\": \"SGIET-300（耐盐雾 ≥1440h 专用复合脂）\",\n  \"process_steps\": [],\n  \"safety_notes\": [\n    \"停电作业须办理工作票并经调度许可\",\n    \"作业前验电、挂接地线\"\n  ],\n  \"status\": \"draft\",\n  \"created_at\": \"2026-09-19T04:52:40.472Z\"\n}"
     }

[最终综合研判报告]
【缺陷等级】危急缺陷（critical）
【判定依据】温升 ΔT=104℃ ≥ 80℃
【加载规则】套管引线线夹过热专项、特高压/超宽温区/重载专项、沿海/重盐雾/电偶腐蚀专项
【物料与工艺】主材料：SGIET-300（耐盐雾 ≥1440h 专用复合脂）；叠加：SGIET-200（高温无流淌防护材料）；严禁：普通导电膏（严禁使用）。工艺步骤：1) 停电/带电安全措施确认（按现场规程执行）；2) 接触面表面打磨除氧化层，清除油污与灰尘；3) 涂覆 SGIET-300（耐盐雾 ≥1440h 专用复合脂），并按需叠加 SGIET-200（高温无流淌防护材料）；4) 恢复连接后按标准紧固力矩校核；5) 处理后复测红外温度，验证温升下降至合格范围
【处置建议】立即汇报调度，限制负荷或申请停电紧急消缺
【工单状态】已签发 WO-20260919045240-AZOI（人工审批通过），落盘 D:\项目考察书\orders\WO-20260919045240-AZOI.json


[回合结束] outcome=final, 工具调用次数=4
